Archive member included to satisfy reference by file (symbol)

c:/coocox/arm-none-eabi/bin/../lib/gcc/arm-none-eabi/5.4.1/armv7-m\libgcc.a(_arm_addsubdf3.o)
                              ..\obj\main.o (__aeabi_i2d)
c:/coocox/arm-none-eabi/bin/../lib/gcc/arm-none-eabi/5.4.1/armv7-m\libgcc.a(_arm_muldivdf3.o)
                              ..\obj\main.o (__aeabi_dmul)
c:/coocox/arm-none-eabi/bin/../lib/gcc/arm-none-eabi/5.4.1/armv7-m\libgcc.a(_arm_fixdfsi.o)
                              ..\obj\main.o (__aeabi_d2iz)

Allocating common symbols
Common symbol       size              file

txtbuf              0x400             ..\obj\main.o

Discarded input sections

 .text          0x00000000        0x0 ..\obj\startup_stm32f10x_ld.o
 .data          0x00000000        0x0 ..\obj\startup_stm32f10x_ld.o
 .bss           0x00000000        0x0 ..\obj\startup_stm32f10x_ld.o
 .text          0x00000000        0x0 ..\obj\system_stm32f10x.o
 .data          0x00000000       0x14 ..\obj\system_stm32f10x.o
 .bss           0x00000000        0x0 ..\obj\system_stm32f10x.o
 .text.SystemCoreClockUpdate
                0x00000000       0xd8 ..\obj\system_stm32f10x.o
 .text          0x00000000        0x0 ..\obj\stm32f10x_gpio.o
 .data          0x00000000        0x0 ..\obj\stm32f10x_gpio.o
 .bss           0x00000000        0x0 ..\obj\stm32f10x_gpio.o
 .text.GPIO_DeInit
                0x00000000       0xe4 ..\obj\stm32f10x_gpio.o
 .text.GPIO_AFIODeInit
                0x00000000       0x18 ..\obj\stm32f10x_gpio.o
 .text.GPIO_StructInit
                0x00000000       0x28 ..\obj\stm32f10x_gpio.o
 .text.GPIO_ReadInputData
                0x00000000       0x18 ..\obj\stm32f10x_gpio.o
 .text.GPIO_ReadOutputDataBit
                0x00000000       0x34 ..\obj\stm32f10x_gpio.o
 .text.GPIO_ReadOutputData
                0x00000000       0x18 ..\obj\stm32f10x_gpio.o
 .text.GPIO_WriteBit
                0x00000000       0x30 ..\obj\stm32f10x_gpio.o
 .text.GPIO_Write
                0x00000000       0x1c ..\obj\stm32f10x_gpio.o
 .text.GPIO_PinLockConfig
                0x00000000       0x44 ..\obj\stm32f10x_gpio.o
 .text.GPIO_EventOutputConfig
                0x00000000       0x4c ..\obj\stm32f10x_gpio.o
 .text.GPIO_EventOutputCmd
                0x00000000       0x20 ..\obj\stm32f10x_gpio.o
 .text.GPIO_PinRemapConfig
                0x00000000       0xe0 ..\obj\stm32f10x_gpio.o
 .text.GPIO_EXTILineConfig
                0x00000000       0x84 ..\obj\stm32f10x_gpio.o
 .text.GPIO_ETH_MediaInterfaceConfig
                0x00000000       0x1c ..\obj\stm32f10x_gpio.o
 .text          0x00000000        0x0 ..\obj\main.o
 .data          0x00000000        0x0 ..\obj\main.o
 .bss           0x00000000        0x0 ..\obj\main.o
 .text.uartPutS
                0x00000000       0x40 ..\obj\main.o
 .text.initConsole
                0x00000000       0x68 ..\obj\main.o
 COMMON         0x00000000      0x400 ..\obj\main.o
 .text          0x00000000        0x0 ..\obj\stm32f10x_rcc.o
 .data          0x00000000       0x14 ..\obj\stm32f10x_rcc.o
 .bss           0x00000000        0x0 ..\obj\stm32f10x_rcc.o
 .text.RCC_DeInit
                0x00000000       0x5c ..\obj\stm32f10x_rcc.o
 .text.RCC_HSEConfig
                0x00000000       0x5c ..\obj\stm32f10x_rcc.o
 .text.RCC_WaitForHSEStartUp
                0x00000000       0x50 ..\obj\stm32f10x_rcc.o
 .text.RCC_AdjustHSICalibrationValue
                0x00000000       0x3c ..\obj\stm32f10x_rcc.o
 .text.RCC_HSICmd
                0x00000000       0x20 ..\obj\stm32f10x_rcc.o
 .text.RCC_PLLConfig
                0x00000000       0x3c ..\obj\stm32f10x_rcc.o
 .text.RCC_PLLCmd
                0x00000000       0x20 ..\obj\stm32f10x_rcc.o
 .text.RCC_SYSCLKConfig
                0x00000000       0x38 ..\obj\stm32f10x_rcc.o
 .text.RCC_GetSYSCLKSource
                0x00000000       0x1c ..\obj\stm32f10x_rcc.o
 .text.RCC_HCLKConfig
                0x00000000       0x38 ..\obj\stm32f10x_rcc.o
 .text.RCC_PCLK1Config
                0x00000000       0x38 ..\obj\stm32f10x_rcc.o
 .text.RCC_PCLK2Config
                0x00000000       0x38 ..\obj\stm32f10x_rcc.o
 .text.RCC_ITConfig
                0x00000000       0x4c ..\obj\stm32f10x_rcc.o
 .text.RCC_USBCLKConfig
                0x00000000       0x1c ..\obj\stm32f10x_rcc.o
 .text.RCC_ADCCLKConfig
                0x00000000       0x38 ..\obj\stm32f10x_rcc.o
 .text.RCC_LSEConfig
                0x00000000       0x40 ..\obj\stm32f10x_rcc.o
 .text.RCC_LSICmd
                0x00000000       0x20 ..\obj\stm32f10x_rcc.o
 .text.RCC_RTCCLKConfig
                0x00000000       0x24 ..\obj\stm32f10x_rcc.o
 .text.RCC_RTCCLKCmd
                0x00000000       0x20 ..\obj\stm32f10x_rcc.o
 .text.RCC_GetClocksFreq
                0x00000000      0x160 ..\obj\stm32f10x_rcc.o
 .text.RCC_AHBPeriphClockCmd
                0x00000000       0x3c ..\obj\stm32f10x_rcc.o
 .text.RCC_APB1PeriphClockCmd
                0x00000000       0x3c ..\obj\stm32f10x_rcc.o
 .text.RCC_APB2PeriphResetCmd
                0x00000000       0x3c ..\obj\stm32f10x_rcc.o
 .text.RCC_APB1PeriphResetCmd
                0x00000000       0x3c ..\obj\stm32f10x_rcc.o
 .text.RCC_BackupResetCmd
                0x00000000       0x20 ..\obj\stm32f10x_rcc.o
 .text.RCC_ClockSecuritySystemCmd
                0x00000000       0x20 ..\obj\stm32f10x_rcc.o
 .text.RCC_MCOConfig
                0x00000000       0x20 ..\obj\stm32f10x_rcc.o
 .text.RCC_GetFlagStatus
                0x00000000       0x74 ..\obj\stm32f10x_rcc.o
 .text.RCC_ClearFlag
                0x00000000       0x1c ..\obj\stm32f10x_rcc.o
 .text.RCC_GetITStatus
                0x00000000       0x34 ..\obj\stm32f10x_rcc.o
 .text.RCC_ClearITPendingBit
                0x00000000       0x20 ..\obj\stm32f10x_rcc.o
 .text          0x00000000        0x0 ..\obj\stm32f10x_adc.o
 .data          0x00000000        0x0 ..\obj\stm32f10x_adc.o
 .bss           0x00000000        0x0 ..\obj\stm32f10x_adc.o
 .text.ADC_DeInit
                0x00000000       0x74 ..\obj\stm32f10x_adc.o
 .text.ADC_StructInit
                0x00000000       0x38 ..\obj\stm32f10x_adc.o
 .text.ADC_DMACmd
                0x00000000       0x38 ..\obj\stm32f10x_adc.o
 .text.ADC_ITConfig
                0x00000000       0x44 ..\obj\stm32f10x_adc.o
 .text.ADC_GetSoftwareStartConvStatus
                0x00000000       0x30 ..\obj\stm32f10x_adc.o
 .text.ADC_DiscModeChannelCountConfig
                0x00000000       0x44 ..\obj\stm32f10x_adc.o
 .text.ADC_DiscModeCmd
                0x00000000       0x38 ..\obj\stm32f10x_adc.o
 .text.ADC_ExternalTrigConvCmd
                0x00000000       0x38 ..\obj\stm32f10x_adc.o
 .text.ADC_GetDualModeConversionValue
                0x00000000       0x14 ..\obj\stm32f10x_adc.o
 .text.ADC_AutoInjectedConvCmd
                0x00000000       0x38 ..\obj\stm32f10x_adc.o
 .text.ADC_InjectedDiscModeCmd
                0x00000000       0x38 ..\obj\stm32f10x_adc.o
 .text.ADC_ExternalTrigInjectedConvConfig
                0x00000000       0x34 ..\obj\stm32f10x_adc.o
 .text.ADC_ExternalTrigInjectedConvCmd
                0x00000000       0x38 ..\obj\stm32f10x_adc.o
 .text.ADC_SoftwareStartInjectedConvCmd
                0x00000000       0x38 ..\obj\stm32f10x_adc.o
 .text.ADC_GetSoftwareStartInjectedConvCmdStatus
                0x00000000       0x30 ..\obj\stm32f10x_adc.o
 .text.ADC_InjectedChannelConfig
                0x00000000      0x120 ..\obj\stm32f10x_adc.o
 .text.ADC_InjectedSequencerLengthConfig
                0x00000000       0x44 ..\obj\stm32f10x_adc.o
 .text.ADC_SetInjectedOffset
                0x00000000       0x34 ..\obj\stm32f10x_adc.o
 .text.ADC_GetInjectedConversionValue
                0x00000000       0x30 ..\obj\stm32f10x_adc.o
 .text.ADC_AnalogWatchdogCmd
                0x00000000       0x38 ..\obj\stm32f10x_adc.o
 .text.ADC_AnalogWatchdogThresholdsConfig
                0x00000000       0x28 ..\obj\stm32f10x_adc.o
 .text.ADC_AnalogWatchdogSingleChannelConfig
                0x00000000       0x38 ..\obj\stm32f10x_adc.o
 .text.ADC_TempSensorVrefintCmd
                0x00000000       0x38 ..\obj\stm32f10x_adc.o
 .text.ADC_ClearFlag
                0x00000000       0x20 ..\obj\stm32f10x_adc.o
 .text.ADC_GetITStatus
                0x00000000       0x54 ..\obj\stm32f10x_adc.o
 .text.ADC_ClearITPendingBit
                0x00000000       0x2c ..\obj\stm32f10x_adc.o
 .text          0x00000000        0x0 ..\obj\stm32f10x_usart.o
 .data          0x00000000        0x0 ..\obj\stm32f10x_usart.o
 .bss           0x00000000        0x0 ..\obj\stm32f10x_usart.o
 .text.USART_DeInit
                0x00000000       0xb8 ..\obj\stm32f10x_usart.o
 .text.USART_Init
                0x00000000      0x174 ..\obj\stm32f10x_usart.o
 .text.USART_StructInit
                0x00000000       0x38 ..\obj\stm32f10x_usart.o
 .text.USART_ClockInit
                0x00000000       0x58 ..\obj\stm32f10x_usart.o
 .text.USART_ClockStructInit
                0x00000000       0x2c ..\obj\stm32f10x_usart.o
 .text.USART_Cmd
                0x00000000       0x40 ..\obj\stm32f10x_usart.o
 .text.USART_ITConfig
                0x00000000       0x90 ..\obj\stm32f10x_usart.o
 .text.USART_DMACmd
                0x00000000       0x48 ..\obj\stm32f10x_usart.o
 .text.USART_SetAddress
                0x00000000       0x38 ..\obj\stm32f10x_usart.o
 .text.USART_WakeUpConfig
                0x00000000       0x38 ..\obj\stm32f10x_usart.o
 .text.USART_ReceiverWakeUpCmd
                0x00000000       0x40 ..\obj\stm32f10x_usart.o
 .text.USART_LINBreakDetectLengthConfig
                0x00000000       0x38 ..\obj\stm32f10x_usart.o
 .text.USART_LINCmd
                0x00000000       0x40 ..\obj\stm32f10x_usart.o
 .text.USART_SendData
                0x00000000       0x24 ..\obj\stm32f10x_usart.o
 .text.USART_ReceiveData
                0x00000000       0x20 ..\obj\stm32f10x_usart.o
 .text.USART_SendBreak
                0x00000000       0x24 ..\obj\stm32f10x_usart.o
 .text.USART_SetGuardTime
                0x00000000       0x3c ..\obj\stm32f10x_usart.o
 .text.USART_SetPrescaler
                0x00000000       0x38 ..\obj\stm32f10x_usart.o
 .text.USART_SmartCardCmd
                0x00000000       0x40 ..\obj\stm32f10x_usart.o
 .text.USART_SmartCardNACKCmd
                0x00000000       0x40 ..\obj\stm32f10x_usart.o
 .text.USART_HalfDuplexCmd
                0x00000000       0x40 ..\obj\stm32f10x_usart.o
 .text.USART_OverSampling8Cmd
                0x00000000       0x44 ..\obj\stm32f10x_usart.o
 .text.USART_OneBitMethodCmd
                0x00000000       0x40 ..\obj\stm32f10x_usart.o
 .text.USART_IrDAConfig
                0x00000000       0x38 ..\obj\stm32f10x_usart.o
 .text.USART_IrDACmd
                0x00000000       0x40 ..\obj\stm32f10x_usart.o
 .text.USART_GetFlagStatus
                0x00000000       0x38 ..\obj\stm32f10x_usart.o
 .text.USART_ClearFlag
                0x00000000       0x20 ..\obj\stm32f10x_usart.o
 .text.USART_GetITStatus
                0x00000000       0xb4 ..\obj\stm32f10x_usart.o
 .text.USART_ClearITPendingBit
                0x00000000       0x38 ..\obj\stm32f10x_usart.o
 .debug_info    0x00000000      0x9f0 ..\obj\stm32f10x_usart.o
 .debug_abbrev  0x00000000      0x164 ..\obj\stm32f10x_usart.o
 .debug_aranges
                0x00000000      0x100 ..\obj\stm32f10x_usart.o
 .debug_ranges  0x00000000       0xf0 ..\obj\stm32f10x_usart.o
 .debug_line    0x00000000      0x4ec ..\obj\stm32f10x_usart.o
 .debug_str     0x00000000      0x6b6 ..\obj\stm32f10x_usart.o
 .comment       0x00000000       0x6f ..\obj\stm32f10x_usart.o
 .debug_frame   0x00000000      0x490 ..\obj\stm32f10x_usart.o
 .ARM.attributes
                0x00000000       0x33 ..\obj\stm32f10x_usart.o
 .data          0x00000000        0x0 c:/coocox/arm-none-eabi/bin/../lib/gcc/arm-none-eabi/5.4.1/armv7-m\libgcc.a(_arm_addsubdf3.o)
 .bss           0x00000000        0x0 c:/coocox/arm-none-eabi/bin/../lib/gcc/arm-none-eabi/5.4.1/armv7-m\libgcc.a(_arm_addsubdf3.o)
 .data          0x00000000        0x0 c:/coocox/arm-none-eabi/bin/../lib/gcc/arm-none-eabi/5.4.1/armv7-m\libgcc.a(_arm_muldivdf3.o)
 .bss           0x00000000        0x0 c:/coocox/arm-none-eabi/bin/../lib/gcc/arm-none-eabi/5.4.1/armv7-m\libgcc.a(_arm_muldivdf3.o)
 .data          0x00000000        0x0 c:/coocox/arm-none-eabi/bin/../lib/gcc/arm-none-eabi/5.4.1/armv7-m\libgcc.a(_arm_fixdfsi.o)
 .bss           0x00000000        0x0 c:/coocox/arm-none-eabi/bin/../lib/gcc/arm-none-eabi/5.4.1/armv7-m\libgcc.a(_arm_fixdfsi.o)

Memory Configuration

Name             Origin             Length             Attributes
rom              0x08000000         0x00008000         xr
ram              0x20000000         0x00002800         xrw
*default*        0x00000000         0xffffffff

Linker script and memory map

                0x20002800                _eram = 0x20002800

.text           0x08000000     0x14c0
 *(.isr_vector)
 .isr_vector    0x08000000      0x10c ..\obj\startup_stm32f10x_ld.o
                0x08000000                g_pfnVectors
 *(.text*)
 .text.Default_Reset_Handler
                0x0800010c       0x60 ..\obj\startup_stm32f10x_ld.o
                0x0800010c                Default_Reset_Handler
                0x0800010c                Reset_Handler
 .text.Default_Handler
                0x0800016c        0x8 ..\obj\startup_stm32f10x_ld.o
                0x0800016c                EXTI2_IRQHandler
                0x0800016c                DebugMon_Handler
                0x0800016c                TIM1_CC_IRQHandler
                0x0800016c                HardFault_Handler
                0x0800016c                SysTick_Handler
                0x0800016c                PVD_IRQHandler
                0x0800016c                PendSV_Handler
                0x0800016c                NMI_Handler
                0x0800016c                EXTI3_IRQHandler
                0x0800016c                EXTI0_IRQHandler
                0x0800016c                UsageFault_Handler
                0x0800016c                ADC1_2_IRQHandler
                0x0800016c                SPI1_IRQHandler
                0x0800016c                TAMPER_IRQHandler
                0x0800016c                DMA1_Channel4_IRQHandler
                0x0800016c                RTC_IRQHandler
                0x0800016c                DMA1_Channel7_IRQHandler
                0x0800016c                CAN1_RX1_IRQHandler
                0x0800016c                I2C1_EV_IRQHandler
                0x0800016c                DMA1_Channel6_IRQHandler
                0x0800016c                TIM3_IRQHandler
                0x0800016c                RCC_IRQHandler
                0x0800016c                TIM1_TRG_COM_IRQHandler
                0x0800016c                DMA1_Channel1_IRQHandler
                0x0800016c                EXTI15_10_IRQHandler
                0x0800016c                EXTI9_5_IRQHandler
                0x0800016c                MemManage_Handler
                0x0800016c                SVC_Handler
                0x0800016c                DMA1_Channel5_IRQHandler
                0x0800016c                EXTI4_IRQHandler
                0x0800016c                USB_LP_CAN1_RX0_IRQHandler
                0x0800016c                USB_HP_CAN1_TX_IRQHandler
                0x0800016c                DMA1_Channel3_IRQHandler
                0x0800016c                TIM1_UP_IRQHandler
                0x0800016c                WWDG_IRQHandler
                0x0800016c                TIM2_IRQHandler
                0x0800016c                TIM1_BRK_IRQHandler
                0x0800016c                EXTI1_IRQHandler
                0x0800016c                RTCAlarm_IRQHandler
                0x0800016c                USART2_IRQHandler
                0x0800016c                DMA1_Channel2_IRQHandler
                0x0800016c                CAN1_SCE_IRQHandler
                0x0800016c                FLASH_IRQHandler
                0x0800016c                BusFault_Handler
                0x0800016c                USART1_IRQHandler
                0x0800016c                I2C1_ER_IRQHandler
                0x0800016c                USBWakeUp_IRQHandler
 .text.SystemInit
                0x08000174       0x68 ..\obj\system_stm32f10x.o
                0x08000174                SystemInit
 .text.SetSysClock
                0x080001dc        0xc ..\obj\system_stm32f10x.o
 .text.SetSysClockTo72
                0x080001e8      0x100 ..\obj\system_stm32f10x.o
 .text.GPIO_Init
                0x080002e8      0x178 ..\obj\stm32f10x_gpio.o
                0x080002e8                GPIO_Init
 .text.GPIO_ReadInputDataBit
                0x08000460       0x34 ..\obj\stm32f10x_gpio.o
                0x08000460                GPIO_ReadInputDataBit
 .text.GPIO_SetBits
                0x08000494       0x1c ..\obj\stm32f10x_gpio.o
                0x08000494                GPIO_SetBits
 .text.GPIO_ResetBits
                0x080004b0       0x1c ..\obj\stm32f10x_gpio.o
                0x080004b0                GPIO_ResetBits
 .text.delay_ms
                0x080004cc       0x2c ..\obj\main.o
                0x080004cc                delay_ms
 .text.delay_us
                0x080004f8       0x44 ..\obj\main.o
                0x080004f8                delay_us
 .text.initDriverEngine
                0x0800053c       0x40 ..\obj\main.o
 .text.initControlPanel
                0x0800057c       0xa4 ..\obj\main.o
 .text.adcRead  0x08000620       0x4c ..\obj\main.o
 .text.SW1_constLeftStat
                0x0800066c       0x18 ..\obj\main.o
                0x0800066c                SW1_constLeftStat
 .text.SW2_constRightStat
                0x08000684       0x18 ..\obj\main.o
                0x08000684                SW2_constRightStat
 .text.SW3_tempLeftStat
                0x0800069c       0x18 ..\obj\main.o
                0x0800069c                SW3_tempLeftStat
 .text.SW4_tempRightStat
                0x080006b4       0x18 ..\obj\main.o
                0x080006b4                SW4_tempRightStat
 .text.setEngineDir
                0x080006cc       0x38 ..\obj\main.o
 .text.setEngineStatus
                0x08000704       0x38 ..\obj\main.o
 .text.engineStep
                0x0800073c       0x5c ..\obj\main.o
 .text.handlerEngine
                0x08000798      0x104 ..\obj\main.o
 .text.handlerTemp
                0x0800089c       0x28 ..\obj\main.o
                0x0800089c                handlerTemp
 .text.handlerTemp2
                0x080008c4       0x28 ..\obj\main.o
                0x080008c4                handlerTemp2
 .text.main     0x080008ec       0x20 ..\obj\main.o
                0x080008ec                main
 .text.RCC_APB2PeriphClockCmd
                0x0800090c       0x3c ..\obj\stm32f10x_rcc.o
                0x0800090c                RCC_APB2PeriphClockCmd
 .text.ADC_Init
                0x08000948       0xa4 ..\obj\stm32f10x_adc.o
                0x08000948                ADC_Init
 .text.ADC_Cmd  0x080009ec       0x38 ..\obj\stm32f10x_adc.o
                0x080009ec                ADC_Cmd
 .text.ADC_ResetCalibration
                0x08000a24       0x20 ..\obj\stm32f10x_adc.o
                0x08000a24                ADC_ResetCalibration
 .text.ADC_GetResetCalibrationStatus
                0x08000a44       0x30 ..\obj\stm32f10x_adc.o
                0x08000a44                ADC_GetResetCalibrationStatus
 .text.ADC_StartCalibration
                0x08000a74       0x20 ..\obj\stm32f10x_adc.o
                0x08000a74                ADC_StartCalibration
 .text.ADC_GetCalibrationStatus
                0x08000a94       0x30 ..\obj\stm32f10x_adc.o
                0x08000a94                ADC_GetCalibrationStatus
 .text.ADC_SoftwareStartConvCmd
                0x08000ac4       0x38 ..\obj\stm32f10x_adc.o
                0x08000ac4                ADC_SoftwareStartConvCmd
 .text.ADC_RegularChannelConfig
                0x08000afc      0x194 ..\obj\stm32f10x_adc.o
                0x08000afc                ADC_RegularChannelConfig
 .text.ADC_GetConversionValue
                0x08000c90       0x18 ..\obj\stm32f10x_adc.o
                0x08000c90                ADC_GetConversionValue
 .text.ADC_GetFlagStatus
                0x08000ca8       0x34 ..\obj\stm32f10x_adc.o
                0x08000ca8                ADC_GetFlagStatus
 .text          0x08000cdc      0x370 c:/coocox/arm-none-eabi/bin/../lib/gcc/arm-none-eabi/5.4.1/armv7-m\libgcc.a(_arm_addsubdf3.o)
                0x08000cdc                __aeabi_drsub
                0x08000ce4                __aeabi_dsub
                0x08000ce4                __subdf3
                0x08000ce8                __aeabi_dadd
                0x08000ce8                __adddf3
                0x08000f60                __floatunsidf
                0x08000f60                __aeabi_ui2d
                0x08000f80                __floatsidf
                0x08000f80                __aeabi_i2d
                0x08000fa4                __aeabi_f2d
                0x08000fa4                __extendsfdf2
                0x08000fe0                __floatundidf
                0x08000fe0                __aeabi_ul2d
                0x08000ff0                __floatdidf
                0x08000ff0                __aeabi_l2d
 .text          0x0800104c      0x424 c:/coocox/arm-none-eabi/bin/../lib/gcc/arm-none-eabi/5.4.1/armv7-m\libgcc.a(_arm_muldivdf3.o)
                0x0800104c                __aeabi_dmul
                0x0800104c                __muldf3
                0x080012a0                __divdf3
                0x080012a0                __aeabi_ddiv
 .text          0x08001470       0x50 c:/coocox/arm-none-eabi/bin/../lib/gcc/arm-none-eabi/5.4.1/armv7-m\libgcc.a(_arm_fixdfsi.o)
                0x08001470                __aeabi_d2iz
                0x08001470                __fixdfsi
 *(.init)
 *(.fini)
 *crtbegin.o(.ctors)
 *crtbegin?.o(.ctors)
 *(EXCLUDE_FILE(*crtend.o *crtend?.o) .ctors)
 *(SORT(.ctors.*))
 *(.ctors)
 *crtbegin.o(.dtors)
 *crtbegin?.o(.dtors)
 *(EXCLUDE_FILE(*crtend.o *crtend?.o) .dtors)
 *(SORT(.dtors.*))
 *(.dtors)
 *(.rodata*)
 *(.eh_fram e*)

.glue_7         0x080014c0        0x0
 .glue_7        0x080014c0        0x0 linker stubs

.glue_7t        0x080014c0        0x0
 .glue_7t       0x080014c0        0x0 linker stubs

.vfp11_veneer   0x080014c0        0x0
 .vfp11_veneer  0x080014c0        0x0 linker stubs

.v4_bx          0x080014c0        0x0
 .v4_bx         0x080014c0        0x0 linker stubs

.iplt           0x080014c0        0x0
 .iplt          0x080014c0        0x0 ..\obj\startup_stm32f10x_ld.o

.rel.dyn        0x080014c0        0x0
 .rel.iplt      0x080014c0        0x0 ..\obj\startup_stm32f10x_ld.o

.ARM.extab
 *(.ARM.extab* .gnu.linkonce.armextab.*)
                0x080014c0                __exidx_start = .

.ARM.exidx
 *(.ARM.exidx* .gnu.linkonce.armexidx.*)
                0x080014c0                __exidx_end = .
                0x080014c0                __etext = .
                0x080014c0                _sidata = __etext

.data           0x20000000        0x0 load address 0x080014c0
                0x20000000                __data_start__ = .
                0x20000000                _sdata = __data_start__
 *(vtable)
 *(.data*)
                0x20000000                . = ALIGN (0x4)
                [!provide]                PROVIDE (__preinit_array_start, .)
 *(.preinit_array)
                [!provide]                PROVIDE (__preinit_array_end, .)
                0x20000000                . = ALIGN (0x4)
                [!provide]                PROVIDE (__init_array_start, .)
 *(SORT(.init_array.*))
 *(.init_array)
                [!provide]                PROVIDE (__init_array_end, .)
                0x20000000                . = ALIGN (0x4)
                [!provide]                PROVIDE (__fini_array_start, .)
 *(SORT(.fini_array.*))
 *(.fini_array)
                [!provide]                PROVIDE (__fini_array_end, .)
 *(.jcr*)
                0x20000000                . = ALIGN (0x4)
                0x20000000                __data_end__ = .
                0x20000000                _edata = __data_end__

.igot.plt       0x20000000        0x0
 .igot.plt      0x20000000        0x0 ..\obj\startup_stm32f10x_ld.o

.bss            0x20000000        0x0
                0x20000000                . = ALIGN (0x4)
                0x20000000                __bss_start__ = .
                0x20000000                _sbss = __bss_start__
 *(.bss*)
 *(COMMON)
                0x20000000                . = ALIGN (0x4)
                0x20000000                __bss_end__ = .
                0x20000000                _ebss = __bss_end__

.heap           0x20000000        0x0
                0x20000000                __end__ = .
                0x20000000                _end = __end__
                0x20000000                end = __end__
 *(.heap*)
                0x20000000                __HeapLimit = .

.co_stack       0x20000000      0x400
                0x20000000                . = ALIGN (0x8)
 *(.co_stack .co_stack.*)
 .co_stack      0x20000000      0x400 ..\obj\startup_stm32f10x_ld.o
                0x20000000                pulStack
                0x20002800                __StackTop = (ORIGIN (ram) + LENGTH (ram))
                0x20002400                __StackLimit = (__StackTop - SIZEOF (.co_stack))
                [!provide]                PROVIDE (__stack, __StackTop)
                0x00000001                ASSERT ((__StackLimit >= __HeapLimit), region ram  overflowed with stack)
LOAD ..\obj\startup_stm32f10x_ld.o
LOAD ..\obj\system_stm32f10x.o
LOAD ..\obj\stm32f10x_gpio.o
LOAD ..\obj\main.o
LOAD ..\obj\stm32f10x_rcc.o
LOAD ..\obj\stm32f10x_adc.o
LOAD ..\obj\stm32f10x_usart.o
START GROUP
LOAD c:/coocox/arm-none-eabi/bin/../lib/gcc/arm-none-eabi/5.4.1/armv7-m\libgcc.a
LOAD c:/coocox/arm-none-eabi/bin/../lib/gcc/arm-none-eabi/5.4.1/../../../../arm-none-eabi/lib/armv7-m\libg.a
LOAD c:/coocox/arm-none-eabi/bin/../lib/gcc/arm-none-eabi/5.4.1/../../../../arm-none-eabi/lib/armv7-m\libc.a
END GROUP
OUTPUT(Sterownik_silnika_krok_zwiercialo.elf elf32-littlearm)

.debug_info     0x00000000     0x2850
 .debug_info    0x00000000       0xee ..\obj\startup_stm32f10x_ld.o
 .debug_info    0x000000ee      0x49c ..\obj\system_stm32f10x.o
 .debug_info    0x0000058a      0x6f6 ..\obj\stm32f10x_gpio.o
 .debug_info    0x00000c80      0x7b1 ..\obj\main.o
 .debug_info    0x00001431      0x8a3 ..\obj\stm32f10x_rcc.o
 .debug_info    0x00001cd4      0xb7c ..\obj\stm32f10x_adc.o

.debug_abbrev   0x00000000      0x94f
 .debug_abbrev  0x00000000       0xa7 ..\obj\startup_stm32f10x_ld.o
 .debug_abbrev  0x000000a7      0x14e ..\obj\system_stm32f10x.o
 .debug_abbrev  0x000001f5      0x1cc ..\obj\stm32f10x_gpio.o
 .debug_abbrev  0x000003c1      0x238 ..\obj\main.o
 .debug_abbrev  0x000005f9      0x1bc ..\obj\stm32f10x_rcc.o
 .debug_abbrev  0x000007b5      0x19a ..\obj\stm32f10x_adc.o

.debug_aranges  0x00000000      0x400
 .debug_aranges
                0x00000000       0x28 ..\obj\startup_stm32f10x_ld.o
 .debug_aranges
                0x00000028       0x38 ..\obj\system_stm32f10x.o
 .debug_aranges
                0x00000060       0xa8 ..\obj\stm32f10x_gpio.o
 .debug_aranges
                0x00000108       0xa8 ..\obj\main.o
 .debug_aranges
                0x000001b0      0x118 ..\obj\stm32f10x_rcc.o
 .debug_aranges
                0x000002c8      0x138 ..\obj\stm32f10x_adc.o

.debug_ranges   0x00000000      0x3a0
 .debug_ranges  0x00000000       0x18 ..\obj\startup_stm32f10x_ld.o
 .debug_ranges  0x00000018       0x28 ..\obj\system_stm32f10x.o
 .debug_ranges  0x00000040       0x98 ..\obj\stm32f10x_gpio.o
 .debug_ranges  0x000000d8       0x98 ..\obj\main.o
 .debug_ranges  0x00000170      0x108 ..\obj\stm32f10x_rcc.o
 .debug_ranges  0x00000278      0x128 ..\obj\stm32f10x_adc.o

.debug_line     0x00000000     0x1593
 .debug_line    0x00000000       0xc0 ..\obj\startup_stm32f10x_ld.o
 .debug_line    0x000000c0      0x21e ..\obj\system_stm32f10x.o
 .debug_line    0x000002de      0x40a ..\obj\stm32f10x_gpio.o
 .debug_line    0x000006e8      0x432 ..\obj\main.o
 .debug_line    0x00000b1a      0x505 ..\obj\stm32f10x_rcc.o
 .debug_line    0x0000101f      0x574 ..\obj\stm32f10x_adc.o

.debug_str      0x00000000     0x1305
 .debug_str     0x00000000      0x153 ..\obj\startup_stm32f10x_ld.o
                                0x165 (size before relaxing)
 .debug_str     0x00000153      0x221 ..\obj\system_stm32f10x.o
                                0x315 (size before relaxing)
 .debug_str     0x00000374      0x3d3 ..\obj\stm32f10x_gpio.o
                                0x53f (size before relaxing)
 .debug_str     0x00000747      0x327 ..\obj\main.o
                                0x5e1 (size before relaxing)
 .debug_str     0x00000a6e      0x406 ..\obj\stm32f10x_rcc.o
                                0x640 (size before relaxing)
 .debug_str     0x00000e74      0x491 ..\obj\stm32f10x_adc.o
                                0x721 (size before relaxing)

.comment        0x00000000       0x6e
 .comment       0x00000000       0x6e ..\obj\startup_stm32f10x_ld.o
                                 0x6f (size before relaxing)
 .comment       0x0000006e       0x6f ..\obj\system_stm32f10x.o
 .comment       0x0000006e       0x6f ..\obj\stm32f10x_gpio.o
 .comment       0x0000006e       0x6f ..\obj\main.o
 .comment       0x0000006e       0x6f ..\obj\stm32f10x_rcc.o
 .comment       0x0000006e       0x6f ..\obj\stm32f10x_adc.o

.ARM.attributes
                0x00000000       0x33
 .ARM.attributes
                0x00000000       0x33 ..\obj\startup_stm32f10x_ld.o
 .ARM.attributes
                0x00000033       0x33 ..\obj\system_stm32f10x.o
 .ARM.attributes
                0x00000066       0x33 ..\obj\stm32f10x_gpio.o
 .ARM.attributes
                0x00000099       0x33 ..\obj\main.o
 .ARM.attributes
                0x000000cc       0x33 ..\obj\stm32f10x_rcc.o
 .ARM.attributes
                0x000000ff       0x33 ..\obj\stm32f10x_adc.o
 .ARM.attributes
                0x00000132       0x1d c:/coocox/arm-none-eabi/bin/../lib/gcc/arm-none-eabi/5.4.1/armv7-m\libgcc.a(_arm_addsubdf3.o)
 .ARM.attributes
                0x0000014f       0x1d c:/coocox/arm-none-eabi/bin/../lib/gcc/arm-none-eabi/5.4.1/armv7-m\libgcc.a(_arm_muldivdf3.o)
 .ARM.attributes
                0x0000016c       0x1d c:/coocox/arm-none-eabi/bin/../lib/gcc/arm-none-eabi/5.4.1/armv7-m\libgcc.a(_arm_fixdfsi.o)

.debug_frame    0x00000000     0x10cc
 .debug_frame   0x00000000       0x4c ..\obj\startup_stm32f10x_ld.o
 .debug_frame   0x0000004c       0x98 ..\obj\system_stm32f10x.o
 .debug_frame   0x000000e4      0x2d0 ..\obj\stm32f10x_gpio.o
 .debug_frame   0x000003b4      0x280 ..\obj\main.o
 .debug_frame   0x00000634      0x4f4 ..\obj\stm32f10x_rcc.o
 .debug_frame   0x00000b28      0x5a4 ..\obj\stm32f10x_adc.o
